[
	{
		"stricthostkeychecking": "no",
		"globalknownhostsfile": "/dev/null",
		"userknownhostsfile": "/dev/null"
	},
	{
		"stricthostkeychecking": "no",
		"globalknownhostsfile": "/dev/null",
		"userknownhostsfile": "/dev/null",
		"tcpkeepalive": "yes",
		"connecttimeout": "10"
	},
	{
		"stricthostkeychecking": "no",
		"globalknownhostsfile": "/dev/null",
		"userknownhostsfile": "/dev/null",
		"tcpkeepalive": "yes",
		"connecttimeout": "10"
	},
	{
		"stricthostkeychecking": "no",
		"globalknownhostsfile": "/dev/null",
		"userknownhostsfile": "/dev/null",
		"tcpkeepalive": "yes",
		"connecttimeout": "10",
		"connectionattempts": "3",
		"serveraliveinterval": "60",
		"serveralivecountmax": "5"
	}
]